starting server
Listening to port 4567
'\\wsl.localhost\Ubuntu\home\jayant\udacity_carla_local\PID_Control_Trajectory_Tracking\project'
CMD.EXE was started with the above path as the current directory.
UNC paths are not supported.  Defaulting to Windows directory.
Connected!!!
INFO: listening to server 127.0.0.1:2000
pygame 2.6.1 (SDL 2.28.4, Python 3.7.9)
Hello from the pygame community. https://www.pygame.org/contribute.html

Welcome to CARLA path planning


init keyboard control
velocity sent:  1.6205226875638935e-08
steer:  0.0
throttle:  0.0
brake:  3.68668911420786e-09
velocity sent:  3.878128648449246e-08
steer:  -0.00306267795849853
throttle:  0.0
brake:  8.16837800205688e-09
velocity sent:  4.500391908300166e-08
steer:  -0.0088429743380078
throttle:  0.0
brake:  9.47513084774381e-09
velocity sent:  6.134511354323395e-08
steer:  -0.0105345048981844
throttle:  0.0
brake:  1.29067816843926e-08
velocity sent:  3.753011881528887e-08
steer:  -0.00851975535248031
throttle:  0.0
brake:  7.90563279152412e-09
velocity sent:  2.1249455271470165e-08
steer:  -0.00842637379385905
throttle:  0.0
brake:  3.20187423604272e-09
velocity sent:  1.2167627522434809e-07
steer:  -0.00848567250660521
throttle:  0.0
brake:  2.55939595096526e-08
velocity sent:  3.0021646097405333e-09
steer:  -0.00848567250660521
throttle:  0.0
brake:  6.72396280584998e-10
velocity sent:  4.351855955960077e-08
steer:  -0.00848567250660521
throttle:  0.0
brake:  9.18083922005565e-09
velocity sent:  2.9940394451337756e-08
steer:  -0.00848567250660521
throttle:  0.0
brake:  6.32942454732041e-09
velocity sent:  1.286818593285988e-08
steer:  -0.00848567250660521
throttle:  0.0
brake:  2.74426075844006e-09
velocity sent:  1.9295409233577107e-08
steer:  -0.00848567250660521
throttle:  0.47201299786547
brake:  0.0
velocity sent:  1.1364777616355291e-08
steer:  -0.00848567250660521
throttle:  0.629999947503553
brake:  0.0
velocity sent:  9.736416146116725e-08
steer:  -0.00855579842798256
throttle:  0.631799922388062
brake:  0.0
velocity sent:  1.1248077803141956e-07
steer:  -0.00850623499811834
throttle:  0.631799926093523
brake:  0.0
velocity sent:  1.1615482378994553
steer:  -0.00698947448294022
throttle:  0.387874919891404
brake:  0.0
velocity sent:  1.7630607012569544
steer:  -0.00925816802936225
throttle:  0.214358922979034
brake:  0.0
velocity sent:  1.9007683669110118
steer:  -0.008198767788529
throttle:  0.233561310260282
brake:  0.0
velocity sent:  1.8377285446186453
steer:  -0.00803581791478231
throttle:  0.246799672941679
brake:  0.0
velocity sent:  1.7914916240084073
steer:  -0.00934397266543984
throttle:  0.256509426269829
brake:  0.0
velocity sent:  1.7731045157305885
steer:  0.0275122164024275
throttle:  0.262572308971526
brake:  0.0
velocity sent:  1.7705190251827854
steer:  0.0471167083099315
throttle:  0.261644293324339
brake:  0.0
velocity sent:  1.7730398486404082
steer:  0.0568002791581583
throttle:  0.261114920398238
brake:  0.0
velocity sent:  1.77477038545288
steer:  0.0500688167364296
throttle:  0.260751507667619
brake:  0.0
velocity sent:  1.7761048345597126
steer:  0.0257679584846948
throttle:  0.261099255003685
brake:  0.0
velocity sent:  1.7775323605893683
steer:  0.0155380101186889
throttle:  0.260906230466004
brake:  0.0
velocity sent:  1.7786066690339648
steer:  0.0329022143607776
throttle:  0.260680625692639
brake:  0.0
velocity sent:  1.7718941157009023
steer:  0.0329498259851635
throttle:  0.263362116066857
brake:  0.0
velocity sent:  1.7790597836644957
steer:  0.0212950268013108
throttle:  0.261320321527858
brake:  0.0
velocity sent:  1.7825516937269725
steer:  0.00588775956542879
throttle:  0.260587020414738
brake:  0.0
velocity sent:  1.7828839918362338
steer:  -0.0110234439237366
throttle:  0.260517237811793
brake:  0.0
velocity sent:  1.7821089564137893
steer:  -0.0346759468021809
throttle:  0.261472500342878
brake:  0.0
velocity sent:  1.781282636523269
steer:  -0.0380172968989579
throttle:  0.261584024686091
brake:  0.0
velocity sent:  1.7820263707149575
steer:  -0.0448706009281369
throttle:  0.261427840505837
brake:  0.0
velocity sent:  1.7825301532242812
steer:  -0.0483475007333726
throttle:  0.261322046178879
brake:  0.0
velocity sent:  1.782708757565049
steer:  -0.0490690510756933
throttle:  0.262000679389871
brake:  0.0
velocity sent:  1.783388044214961
steer:  -0.0467560605890937
throttle:  0.26187231754065
brake:  0.0
velocity sent:  1.7846186526856198
steer:  -0.0435936633643025
throttle:  0.261613889761812
brake:  0.0
velocity sent:  1.7854326753243221
steer:  -0.0397708549707564
throttle:  0.261442945007685
brake:  0.0
velocity sent:  1.785848035795595
steer:  -0.0342014514986467
throttle:  0.262051106400731
brake:  0.0
velocity sent:  1.7864705509940033
steer:  -0.0341341365590154
throttle:  0.261953607046767
brake:  0.0
velocity sent:  1.7873638593503454
steer:  -0.0548273615228598
throttle:  0.261766012291935
brake:  0.0
velocity sent:  1.7868269504080359
steer:  -0.088867642977613
throttle:  0.26187876316982
brake:  0.0
velocity sent:  1.78450513670168
steer:  -0.105630579351177
throttle:  0.263280689661581
brake:  0.0
velocity sent:  1.7839223184655015
steer:  -0.0947923783818877
throttle:  0.26321733639467
brake:  0.0
velocity sent:  1.7866881610345213
steer:  -0.0788327229643365
throttle:  0.262636509455176
brake:  0.0
velocity sent:  1.7893839549566897
steer:  -0.0605096428210656
throttle:  0.262070392731521
brake:  0.0
velocity sent:  1.7911167095879947
steer:  -0.0886752647694133
throttle:  0.26229374383213
brake:  0.0
velocity sent:  1.7891307276756583
steer:  -0.0789407356718053
throttle:  0.0660915335915484
brake:  0.0
velocity sent:  1.6842782819815505
steer:  -0.0684026651645294
throttle:  0.0
brake:  0.135131616067914
velocity sent:  1.170517038801418
steer:  -0.0511220954459339
throttle:  0.0
brake:  0.027241755000086
velocity sent:  0.0001922023891320988
steer:  -0.0254738465709574
throttle:  0.31240123478712
brake:  0.0
velocity sent:  0.06455917560689343
steer:  -0.0190298872795672
throttle:  0.205258183498407
brake:  0.0
velocity sent:  0.3226391325013341
steer:  -0.00516092174176549
throttle:  0.151061392550574
brake:  0.0
velocity sent:  0.29834855826346096
steer:  -0.0479547491455093
throttle:  0.158519362772328
brake:  0.0
velocity sent:  0.2031447582810214
steer:  -0.00746250656955167
throttle:  0.176568914829611
brake:  0.0
velocity sent:  0.349092487493722
steer:  0.0153046386125901
throttle:  0.145919891694944
brake:  0.0
velocity sent:  0.3010258518818058
steer:  0.0310527190813352
throttle:  0.156013885173446
brake:  0.0
velocity sent:  0.3129155913190113
steer:  0.0424429817264793
throttle:  0.153517039891633
brake:  0.0
velocity sent:  0.3272342451723473
steer:  0.0431526747003214
throttle:  0.0
brake:  0.140527414676782
velocity sent:  0.002322762267029625
steer:  0.0428368404813768
throttle:  0.00884948904160159
brake:  0.0
velocity sent:  0.06263892599986629
steer:  0.0426754843987398
throttle:  0.0
brake:  0.00381690534229411
velocity sent:  0.00010262696115295527
steer:  0.0425588757790889
throttle:  0.00931571745583569
brake:  0.0
velocity sent:  0.03836800802912412
steer:  0.0425592629300209
throttle:  0.00127998743156175
brake:  0.0
velocity sent:  0.04452480920539138
steer:  0.0425618891117766
throttle:  0.0
brake:  1.29408154543771e-05
velocity sent:  0.00010059770346893192
steer:  0.042563464908185
throttle:  0.00931614359994934
brake:  0.0
velocity sent:  0.024816634179660367
steer:  0.0425636213930917
throttle:  0.00412577593994914
brake:  0.0
velocity sent:  0.02991372688583711
steer:  0.0429349994416053
throttle:  0.00263119994683823
brake:  0.0
velocity sent:  0.02873542554927014
steer:  0.0429354700384607
throttle:  0.475314364565547
brake:  0.0
velocity sent:  0.029646205266846762
steer:  0.0429361250365816
throttle:  0.633095196971222
brake:  0.0
velocity sent:  0.060327735710170166
steer:  0.0429392091539161
throttle:  0.626652075578124
brake:  0.0
velocity sent:  0.30791553326038
steer:  0.0429432328172207
throttle:  0.57465863809258
brake:  0.0
velocity sent:  2.379282095995664
steer:  -0.0190891580087034
throttle:  0.0
brake:  0.0250438242463781
velocity sent:  2.438568649642126
steer:  0.00279658172676285
throttle:  0.128215324506688
brake:  0.0
velocity sent:  1.9961185036636229
steer:  0.00202179054570429
throttle:  0.221129855162173
brake:  0.0
velocity sent:  1.7904217885033005
steer:  0.00101124561139313
throttle:  0.281445940614068
brake:  0.0
velocity sent:  1.7593280210914026
steer:  0.0010255651392705
throttle:  0.271519894557741
brake:  0.0
velocity sent:  1.784461348786382
steer:  0.000921154715125433
throttle:  0.266241895741795
brake:  0.0
velocity sent:  1.7993348403029688
steer:  0.00117659031260842
throttle:  0.263118462523312
brake:  0.0
velocity sent:  1.8037956172441192
steer:  0.00160689977953169
throttle:  0.262543898216165
brake:  0.0
velocity sent:  1.8036377317720522
steer:  0.00165869375979927
throttle:  0.262933916320591
brake:  0.0
velocity sent:  1.803004627693852
steer:  0.00199181963037293
throttle:  0.263066868177013
brake:  0.0
velocity sent:  1.8028284870902114
steer:  0.00234090623924563
throttle:  0.263103857703778
brake:  0.0
velocity sent:  1.8028556188064404
steer:  0.00284995525794417
throttle:  0.263814284417353
brake:  0.0
velocity sent:  1.8033855867608115
steer:  0.00148684271591744
throttle:  0.263705161684234
brake:  0.0
velocity sent:  1.8044126885075895
steer:  -0.0218350385591825
throttle:  0.263489470317411
brake:  0.0
velocity sent:  1.8045396554464623
steer:  -0.0336360544758135
throttle:  0.263462807260247
brake:  0.0
velocity sent:  1.804570572303165
steer:  -0.0361736748369223
throttle:  0.26417110844653
brake:  0.0
velocity sent:  1.805185481707642
steer:  -0.0305162374068185
throttle:  0.264044450820126
brake:  0.0
velocity sent:  1.8065792568357466
steer:  -0.0218013374976178
throttle:  0.263751758043224
brake:  0.0
velocity sent:  1.8075159040132738
steer:  -0.0119487231322766
throttle:  0.263555062135943
brake:  0.0
velocity sent:  1.8078683065563257
steer:  0.0418331976934183
throttle:  0.264168250278338
brake:  0.0
velocity sent:  1.8064009406806811
steer:  0.0418973562792134
throttle:  0.264504589315668
brake:  0.0
velocity sent:  1.8077605545356108
steer:  0.0485748628511027
throttle:  0.264219070406133
brake:  0.0
velocity sent:  1.8085363205490392
steer:  0.0478384082132411
throttle:  0.264056159543313
brake:  0.0
velocity sent:  1.809206668612988
steer:  0.0364904598643648
throttle:  0.26457643585107
brake:  0.0
velocity sent:  1.8102819831598558
steer:  0.031054654054865
throttle:  0.264404247641344
brake:  0.0
velocity sent:  1.811534423111042
steer:  0.020694411828703
throttle:  0.264141235251595
brake:  0.0
velocity sent:  1.8122087913879406
steer:  0.012101876908258
throttle:  0.263999617913446
brake:  0.0
velocity sent:  1.8124387935158992
steer:  0.00240960761784799
throttle:  0.264645523163918
brake:  0.0
velocity sent:  1.812891429011531
steer:  0.00163919364230243
throttle:  0.264568869880072
brake:  0.0
velocity sent:  1.8137867151440237
steer:  -0.000557440189094237
throttle:  0.264380859792248
brake:  0.0
velocity sent:  1.8143122540711754
steer:  -0.00106539719388184
throttle:  0.264270496617547
brake:  0.0
velocity sent:  1.8145127081378831
steer:  -0.000449761308045573
throttle:  0.264228401263538
brake:  0.0
velocity sent:  1.8145479400547138
steer:  0.00160302920746684
throttle:  0.26492946595625
brake:  0.0
velocity sent:  1.8150439032338237
steer:  0.00242224018384275
throttle:  0.264828132241984
brake:  0.0
velocity sent:  1.8160603201442467
steer:  0.00402391325897466
throttle:  0.264614684690795
brake:  0.0
velocity sent:  1.8165689646040835
steer:  0.005150351969878
throttle:  0.264507869354229
brake:  0.0
velocity sent:  1.816771374298108
steer:  0.00674393362173452
throttle:  0.265159168584343
brake:  0.0
velocity sent:  1.8172696145636473
steer:  0.00678147817105387
throttle:  0.265070730904101
brake:  0.0
velocity sent:  1.8182224039511496
steer:  0.00682429760524597
throttle:  0.264870645132726
brake:  0.0
velocity sent:  1.8188161613805047
steer:  0.00684495647779162
throttle:  0.264745956072561
brake:  0.0
velocity sent:  1.819074419306313
steer:  0.00695957627734438
throttle:  0.265379694242922
brake:  0.0
velocity sent:  1.8195666364034326
steer:  0.00696626020143878
throttle:  0.265296989286592
brake:  0.0
velocity sent:  1.8204030003854947
steer:  0.00686766083612996
throttle:  0.0690840301237389
brake:  0.0
velocity sent:  1.6950707201972053
steer:  0.0067208396896359
throttle:  0.0
brake:  0.128558918378002
velocity sent:  1.2357129880134412
steer:  0.00656507562997491
throttle:  0.00437558884282604
brake:  0.0
velocity sent:  0.7752701649913748
steer:  0.00661245522542375
throttle:  0.0643199631027589
brake:  0.0
velocity sent:  0.41446283149069507
steer:  0.00695663055479426
throttle:  0.140089503137902
brake:  0.0
velocity sent:  0.1734337097018568
steer:  0.00706198311691479
throttle:  0.190705618713558
brake:  0.0
velocity sent:  0.32217271000998116
steer:  0.00694573935307851
throttle:  0.148022626698288
brake:  0.0
velocity sent:  0.2823704783062136
steer:  0.00677445654299364
throttle:  0.168280215380729
brake:  0.0
velocity sent:  0.36447793547299934
steer:  0.00640465399387825
throttle:  0.151037649375704
brake:  0.0
velocity sent:  0.29270698003856305
steer:  0.00576976818285975
throttle:  0.172254070977037
brake:  0.0
velocity sent:  0.1811965568711267
steer:  0.00555429340840206
throttle:  0.189929583407444
brake:  0.0
velocity sent:  0.24310000697399445
steer:  0.0055472384552315
throttle:  0.0
brake:  0.0330701411141583
velocity sent:  0.0019063598528391594
steer:  0.00554095290350872
throttle:  0.0175805247812843
brake:  0.0
velocity sent:  0.16226379801228252
steer:  0.00553340733590713
throttle:  0.0
brake:  0.0160945372321988
velocity sent:  0.0010298314011490993
steer:  0.00552969109468705
throttle:  0.0177645957561392
brake:  0.0
velocity sent:  0.04627564123880925
steer:  0.00553019248621639
throttle:  0.0082629756902306
brake:  0.0
velocity sent:  0.04812410220330029
steer:  0.00553123796856785
throttle:  0.00787479888768748
brake:  0.0
velocity sent:  0.043553473232573484
steer:  0.00558438571408178
throttle:  0.0091727780165675
brake:  0.0
velocity sent:  0.04028958683080022
steer:  0.00558454620529567
throttle:  0.00949254384328174
brake:  0.0
velocity sent:  0.03793851657936381
steer:  0.00558536275283157
throttle:  0.00998626859608339
brake:  0.0
velocity sent:  0.034898013819425984
steer:  0.00558598758125911
throttle:  0.420644719035496
brake:  0.0
velocity sent:  0.03669281570064962
steer:  0.00558663586939148
throttle:  0.584256219083377
brake:  0.0
velocity sent:  0.07315053409238155
steer:  0.00558793556174161
throttle:  0.63259174491835
brake:  0.0
velocity sent:  0.3121102309652938
steer:  0.00558892127649016
throttle:  0.582410208575038
brake:  0.0
velocity sent:  2.0037791293197906
steer:  -0.00785462543839702
throttle:  0.0929314612441485
brake:  0.0
velocity sent:  2.299364707684351
steer:  -0.0424988729015391
throttle:  0.166192001655951
brake:  0.0
velocity sent:  2.116686880835198
steer:  -0.114853729052876
throttle:  0.204554345294273
brake:  0.0
velocity sent:  1.9328396221146698
steer:  -0.282849894611197
throttle:  0.258455192372341
brake:  0.0
velocity sent:  1.8022804847491705
steer:  -0.319853707343065
throttle:  0.271164830521454
brake:  0.0
velocity sent:  1.7781810629833392
steer:  -0.398314697825273
throttle:  0.276225709092278
brake:  0.0
velocity sent:  1.765633523272054
steer:  -0.458828737762579
throttle:  0.278860692431648
brake:  0.0
velocity sent:  1.7612169190144082
steer:  -0.379695633622869
throttle:  0.280883452533679
brake:  0.0
velocity sent:  1.794968706447152
steer:  -0.382379887576175
throttle:  0.273442248832191
brake:  0.0
velocity sent:  1.8093298739804966
steer:  -0.371279973726078
throttle:  0.270426403650189
brake:  0.0
velocity sent:  1.7128191321839568
steer:  -0.37260797626419
throttle:  0.290693659427462
brake:  0.0
velocity sent:  1.744878427577316
steer:  -0.389156902261307Error: No spirals generated 
Error: No spirals generated 
Error: No spirals generated 
Error: No spirals generated 
Error: No spirals generated 
Error: No spirals generated 
Error: No spirals generated 
Error: No spirals generated 
Error: No spirals generated 
Error: No spirals generated 
Error: No spirals generated 
Error: No spirals generated 
Error: No spirals generated 
Error: No spirals generated 
Error: No spirals generated 
Error: No spirals generated 
Error: No spirals generated 
Error: No spirals generated 
Error: No spirals generated 
Error: No spirals generated 
Error: No spirals generated 
Error: No spirals generated 
Error: No spirals generated 
Error: No spirals generated 
Error: No spirals generated 
Error: No spirals generated 
Error: No spirals generated 
Error: No spirals generated 
Error: No spirals generated 
Error: No spirals generated 
Error: No spirals generated 
Error: No spirals generated 
Error: No spirals generated 
Error: No spirals generated 
Error: No spirals generated 
Error: No spirals generated 
Error: No spirals generated 
Error: No spirals generated 
Error: No spirals generated 
Error: No spirals generated 
Error: No spirals generated 
Error: No spirals generated 
Error: No spirals generated 
Error: No spirals generated 
Error: No spirals generated 
Error: No spirals generated 
Error: No spirals generated 
Error: No spirals generated 

throttle:  0.28215915449546
brake:  0.0
velocity sent:  1.781062131700934
steer:  -0.395729760351907
throttle:  0.277125320260969
brake:  0.0
velocity sent:  1.6211826174053068
steer:  -0.405851041609597
throttle:  0.310700018263051
brake:  0.0
velocity sent:  1.7183253104211051
steer:  -0.414216992367274
throttle:  0.290300052729733
brake:  0.0
velocity sent:  1.6648179095995321
steer:  -0.418905194859023
throttle:  0.301536606902263
brake:  0.0
velocity sent:  1.7775554606909858
steer:  -0.423444152666942
throttle:  0.269610005074654
brake:  0.0
velocity sent:  1.8102293498619442
steer:  -0.420981191707222
throttle:  0.27176749243607
brake:  0.0
velocity sent:  1.7580015331737033
steer:  -0.416547702383816
throttle:  0.2827353339406
brake:  0.0
velocity sent:  1.728955100087702
steer:  -0.410692254095255
throttle:  0.0924463291821033
brake:  0.0
velocity sent:  1.590088999394341
steer:  -0.403422120597051
throttle:  0.0
brake:  0.176155250426716
velocity sent:  1.0350489836063639
steer:  -0.400070781946358
throttle:  0.0144791007546017
brake:  0.0
velocity sent:  0.5388519748771304
steer:  -0.393894459300755
throttle:  0.118680472587741
brake:  0.0
velocity sent:  0.2883192120370118
steer:  -0.388572787294764
throttle:  0.171292352784166
brake:  0.0
velocity sent:  0.24085229164470412
steer:  -0.385102349168807
throttle:  0.18549900824683
brake:  0.0
velocity sent:  0.2567858293569176
steer:  -0.383620846165468
throttle:  0.178355611695881
brake:  0.0
velocity sent:  0.5263835702838389
steer:  -0.382473076089035
throttle:  0.100537316007182
brake:  0.0
velocity sent:  0.1936306319118655
steer:  -0.382192125694327
throttle:  0.19198325233945
brake:  0.0
velocity sent:  0.32464609151228835
steer:  -0.380906444321277
throttle:  0.164470005823361
brake:  0.0
velocity sent:  0.22755212787660142
steer:  -0.379524749953238
throttle:  0.184859738186855
brake:  0.0
velocity sent:  0.36363670876324683
steer:  -0.37945871812223
throttle:  0.0
brake:  0.0537180237993404
velocity sent:  0.005896511261983801
steer:  -0.381581035298393
throttle:  0.0499157735100183
brake:  0.0
velocity sent:  0.05998399329311888
steer:  -0.381493282147173
throttle:  0.00993818648337886
brake:  0.0
velocity sent:  0.04664411822938039
steer:  -0.381181067475433
throttle:  0.0127395602467639
brake:  0.0
velocity sent:  0.03846772925002046
steer:  -0.38117173941104
throttle:  0.0144566019324295
brake:  0.0
velocity sent:  0.033023229114603085
steer:  -0.381166109401537
throttle:  0.0155999469608672
brake:  0.0
velocity sent:  0.023880278139041502
steer:  -0.381157347880242
throttle:  0.0175199666657351
brake:  0.0
velocity sent:  0.02192546786801824
steer:  -0.3811526447566
throttle:  0.01793047682265
brake:  0.0
velocity sent:  0.020590943539705146
steer:  -0.381148446213501
throttle:  0.0182107269315957
brake:  0.0
velocity sent:  0.023170128363834933
steer:  -0.38114349514173
throttle:  0.0176690981185285
brake:  0.0
velocity sent:  0.022372089337033926
steer:  -0.381142726972999
throttle:  0.0178366863141567
brake:  0.0
velocity sent:  0.022372089337033926
steer:  -0.381142726972999
throttle:  0.0178366863141567
brake:  0.0
velocity sent:  0.01961943159563051
steer:  -0.381141653026022
throttle:  0.0184147444398514
brake:  0.0
velocity sent:  0.018052669838698365
steer:  -0.384111985544518
throttle:  0.0188578037189314
brake:  0.0
velocity sent:  0.017983765792078967
steer:  -0.384111809403771
throttle:  0.0187469326281669
brake:  0.0
velocity sent:  0.017983765792078967
steer:  -0.384111809403771
throttle:  0.0187469326281669
brake:  0.0
velocity sent:  0.01721528402061482
steer:  -0.384111095228849
throttle:  0.0189083138001744
brake:  0.0
velocity sent:  0.016103310770634954
steer:  -0.384110367686117
throttle:  0.0191418281826702
brake:  0.0
velocity sent:  0.016103310770634954
steer:  -0.384110367686117
throttle:  0.0191418281826702
brake:  0.0
velocity sent:  0.015636823156409546
steer:  -0.384109703145624
throttle:  0.0192397905816575
brake:  0.0
velocity sent:  0.01497463314339831
steer:  -0.384109072415927
throttle:  0.0193788504843899
brake:  0.0
velocity sent:  0.014884151287527826
steer:  -0.3841085135482
throttle:  0.0193978516741227
brake:  0.0
velocity sent:  0.014884151287527826
steer:  -0.3841085135482
throttle:  0.0193978516741227
brake:  0.0
velocity sent:  0.014344247353189975
steer:  -0.384107956572187
throttle:  0.0195112315003336
brake:  0.0
velocity sent:  0.013661732759886807
steer:  -0.384107386887712
throttle:  0.0196545595649273
brake:  0.0
velocity sent:  0.013586034650003418
steer:  -0.384106870772062
throttle:  0.0196704561680028
brake:  0.0
velocity sent:  0.013463578275413404
steer:  -0.384106383779382
throttle:  0.0196961720066667
brake:  0.0
velocity sent:  0.012626849701566722
steer:  -0.384105817119954
throttle:  0.0198718850071745
brake:  0.0
velocity sent:  0.012626849701566722
steer:  -0.384105817119954
throttle:  0.0198718850071745
brake:  0.0
velocity sent:  0.012995953736248374
steer:  -0.384105367048737
throttle:  0.0197943731598914
brake:  0.0
velocity sent:  0.012819381560139932
steer:  -0.384104926745164
throttle:  0.0198314533168741
brake:  0.0
velocity sent:  0.012821777624282828
steer:  -0.384104504488201
throttle:  0.0198309501434041
brake:  0.0
velocity sent:  0.012604200504745004
steer:  -0.384104070663955
throttle:  0.0198766413385071
brake:  0.0
velocity sent:  0.012046808041866561
steer:  -0.384103583676828
throttle:  0.0199936937557115
brake:  0.0
velocity sent:  0.012046808041866561
steer:  -0.384103583676828
throttle:  0.0199936937557115
brake:  0.0
velocity sent:  0.012034219102642265
steer:  -0.384103136809474
throttle:  0.0199963374329486
brake:  0.0
velocity sent:  0.0115955444388756
steer:  -0.384102663853455
throttle:  0.0200884591123396
brake:  0.0
velocity sent:  0.0115955444388756
steer:  -0.384102663853455
throttle:  0.0200884591123396
brake:  0.0
velocity sent:  0.010776416824692076
steer:  -0.38410212444409
throttle:  0.0202604759113182
brake:  0.0
velocity sent:  0.010776416824692076
steer:  -0.38410212444409
throttle:  0.0202604759113182
brake:  0.0
velocity sent:  0.010296158704258394
steer:  -0.384101585774245
throttle:  0.0203613301166093
brake:  0.0
velocity sent:  0.010303513607754094
steer:  -0.38410112374059
throttle:  0.0203597855868752
brake:  0.0
velocity sent:  0.01006070107049102
steer:  -0.384100666048266
throttle:  0.0204107762197004
brake:  0.0
velocity sent:  0.009859544864913077
steer:  -0.384100226570074
throttle:  0.0204530190228718
brake:  0.0
velocity sent:  0.009859544864913077
steer:  -0.384100226570074
throttle:  0.0204530190228718
brake:  0.0
velocity sent:  0.010176130216709735
steer:  -0.38409984673296
throttle:  0.0203865360989945
brake:  0.0
velocity sent:  0.009828402678971154
steer:  -0.384099444006849
throttle:  0.0204595588819196
brake:  0.0
velocity sent:  0.010055252934954179
steer:  -0.384099085583753
throttle:  0.0204119203281631
brake:  0.0
velocity sent:  0.010098058611133205
steer:  -0.384098730684908
throttle:  0.0204029311361655
brake:  0.0
velocity sent:  0.010098058611133205
steer:  -0.384098730684908
throttle:  0.0204029311361655
brake:  0.0
velocity sent:  0.009858279262017133
steer:  -0.38409836529343
throttle:  0.0204532847994799
brake:  0.0
velocity sent:  0.009644555405245782
steer:  -0.384097979552249
throttle:  0.0204981668094019
brake:  0.0
velocity sent:  0.009668649314970256
steer:  -0.384097611286405
throttle:  0.0204931070883598
brake:  0.0
velocity sent:  0.0096025441515989
steer:  -0.384097246959083
throttle:  0.0205069891726678
brake:  0.0
velocity sent:  0.0096025441515989
steer:  -0.384097246959083
throttle:  0.0205069891726678
brake:  0.0
velocity sent:  0.009331674943737309
steer:  -0.384096863927008
throttle:  0.0205638717063187
brake:  0.0
velocity sent:  0.00942759703246391
steer:  -0.384096508461202
throttle:  0.0205437280676861
brake: Error: No spirals generated 
Error: No spirals generated 
Error: No spirals generated 
Error: No spirals generated 
Error: No spirals generated 
Error: No spirals generated 
Error: No spirals generated 
Error: No spirals generated 
Error: No spirals generated 
Error: No spirals generated 
Error: No spirals generated 
Error: No spirals generated 
Error: No spirals generated 
Error: No spirals generated 
Error: No spirals generated 
Error: No spirals generated 
Error: No spirals generated 
Error: No spirals generated 
Error: No spirals generated 
Error: No spirals generated 
Error: No spirals generated 
Error: No spirals generated 
Error: No spirals generated 
Error: No spirals generated 
Error: No spirals generated 
Error: No spirals generated 
Error: No spirals generated 
Error: No spirals generated 
Error: No spirals generated 
Error: No spirals generated 
Error: No spirals generated 
Error: No spirals generated 
Error: No spirals generated 
Error: No spirals generated 
Error: No spirals generated 
Error: No spirals generated 
Error: No spirals generated 
Error: No spirals generated 
Error: No spirals generated 
Error: No spirals generated 
Error: No spirals generated 
Error: No spirals generated 
Error: No spirals generated 
Error: No spirals generated 
Error: No spirals generated 
Error: No spirals generated 
Error: No spirals generated 
Error: No spirals generated 
Error: No spirals generated 
Error: No spirals generated 
Error: No spirals generated 
Error: No spirals generated 
Error: No spirals generated 
Error: No spirals generated 
Error: No spirals generated 
Error: No spirals generated 
Error: No spirals generated 
Error: No spirals generated 
Error: No spirals generated 
Error: No spirals generated 
Error: No spirals generated 
Error: No spirals generated 
Error: No spirals generated 
Error: No spirals generated 
Error: No spirals generated 
Error: No spirals generated 
Error: No spirals generated 
Error: No spirals generated 
Error: No spirals generated 
Error: No spirals generated 
Error: No spirals generated 
Error: No spirals generated 
Error: No spirals generated 
Error: No spirals generated 
Error: No spirals generated 
 0.0
velocity sent:  0.009440382567642664
steer:  -0.384096164317524
throttle:  0.0205410431052986
brake:  0.0
velocity sent:  0.009333843334802475
steer:  -0.384095822557757
throttle:  0.020563416344195
brake:  0.0
velocity sent:  0.009172645612095867
steer:  -0.384095459049303
throttle:  0.0205972678659634
brake:  0.0
velocity sent:  0.009172645612095867
steer:  -0.384095459049303
throttle:  0.0205972678659634
brake:  0.0
velocity sent:  0.009459378475899722
steer:  -0.38409513664354
throttle:  0.0205370539645646
brake:  0.0
velocity sent:  0.009376301647134329
steer:  -0.38409480414724
throttle:  0.0205545000986053
brake:  0.0
velocity sent:  0.00872274436525817
steer:  -0.384094400030349
throttle:  0.0206917471277993
brake:  0.0
velocity sent:  0.00872274436525817
steer:  -0.384094400030349
throttle:  0.0206917471277993
brake:  0.0
velocity sent:  0.008265825907898807
steer:  -0.384093972454975
throttle:  0.0207877000038448
brake:  0.0
velocity sent:  0.008265825907898807
steer:  -0.384093972454975
throttle:  0.0207877000038448
brake:  0.0
velocity sent:  0.008072484805384835
steer:  -0.384093556694061
throttle:  0.0208283016353727
brake:  0.0
velocity sent:  0.0
steer:  -0.384093556694061
throttle:  0.0225235234445035
brake:  0.0
velocity sent:  0.0029438128226704293
steer:  -0.384093467573709
throttle:  0.0219053227517427
brake:  0.0
velocity sent:  0.0029438128226704293
steer:  -0.384093467573709
throttle:  0.0219053227517427
brake:  0.0
velocity sent:  0.002533430210336403
steer:  -0.384093483571468
throttle:  0.0219915031003329
brake:  0.0
velocity sent:  0.001853570155105944
steer:  -0.384093451744415
throttle:  0.0221342737119313
brake:  0.0
velocity sent:  0.0024555228132905043
steer:  -0.384093382999475
throttle:  0.0220078636537125
brake:  0.0
velocity sent:  0.0029883060061810006
steer:  -0.384093288826632
throttle:  0.0218959791832055
brake:  0.0
velocity sent:  0.0029883060061810006
steer:  -0.387065088274178
throttle:  0.0218941861996018
brake:  0.0
velocity sent:  0.0037530561085236626
steer:  -0.387064968336519
throttle:  0.0217335886781098
brake:  0.0
velocity sent:  0.004205291437923058
steer:  -0.38706483003085
throttle:  0.021638619258936
brake:  0.0
velocity sent:  0.00455495635950013
steer:  -0.387064650286448
throttle:  0.0215651896254048
brake:  0.0
velocity sent:  0.005075705842601013
steer:  -0.387064468741719
throttle:  0.0214558322339536
brake:  0.0
velocity sent:  0.005603712757639651
steer:  -0.387064287611768
throttle:  0.0213449507817955
brake:  0.0
velocity sent:  0.005603712757639651
steer:  -0.387064287611768
throttle:  0.0213449507817955
brake:  0.0
velocity sent:  0.005922384991521657
steer:  -0.387064090484286
throttle:  0.0212780296126803
brake:  0.0
velocity sent:  0.006012947652971698
steer:  -0.387063858485782
throttle:  0.0212590114537758
brake:  0.0
velocity sent:  0.006322800573953714
steer:  -0.387063631824523
throttle:  0.0211939423403695
brake:  0.0
velocity sent:  0.006434385850205645
steer:  -0.387063395733478
throttle:  0.0211705094323566
brake:  0.0
velocity sent:  0.006822476567704001
steer:  -0.387063159797757
throttle:  0.021089010381682
brake:  0.0
velocity sent:  0.006822476567704001
steer:  -0.387063159797757
throttle:  0.021089010381682
brake:  0.0
velocity sent:  0.006659940393316953
steer:  -0.387062893266194
throttle:  0.0211231429783033
brake:  0.0
velocity sent:  0.006625577726250452
steer:  -0.387062613444607
throttle:  0.0211303591383872
brake:  0.0
velocity sent:  0.006872496534943048
steer:  -0.387062349128699
throttle:  0.0210785061885618
brake:  0.0
velocity sent:  0.006872496534943048
steer:  -0.387062349128699
throttle:  0.0210785061885618
brake:  0.0
velocity sent:  0.007018884595693542
steer:  -0.387062089243183
throttle:  0.0210477646958042
brake:  0.0
velocity sent:  0.006851902963938353
steer:  -0.387061799409197
throttle:  0.0210828308384728
brake:  0.0
velocity sent:  0.0
steer:  -0.387061799409197
throttle:  0.0225217304608998
brake:  0.0
velocity sent:  0.0026504928442065254
steer:  -0.387061742105493
throttle:  0.0219651269636164
brake:  0.0
velocity sent:  0.0026504928442065254
steer:  -0.387061742105493
throttle:  0.0219651269636164
brake:  0.0
velocity sent:  0.001748689769208528
steer:  -0.387061733568865
throttle:  0.022154505609366
brake:  0.0
velocity sent:  0.001947004576563981
steer:  -0.387061695666974
throttle:  0.0221128594998214
brake:  0.0
velocity sent:  0.002366214836303443
steer:  -0.387061625769991
throttle:  0.0220248253452761
brake:  0.0
velocity sent:  0.0028423909198247105
steer:  -0.387061528061907
throttle:  0.0219248283677366
brake:  0.0
velocity sent:  0.0028423909198247105
steer:  -0.387061528061907
throttle:  0.0219248283677366
brake:  0.0
velocity sent:  0.0033674238301248786
steer:  -0.387061412063849
throttle:  0.0218145714565736
brake:  0.0
velocity sent:  0.0037675218892788695
steer:  -0.387061284097462
throttle:  0.0217305508641513
brake:  0.0
velocity sent:  0.0041360082107119575
steer:  -0.387061121829773
throttle:  0.0216531687366503
brake:  0.0
velocity sent:  0.0041360082107119575
steer:  -0.387061121829773
throttle:  0.0216531687366503
brake:  0.0
velocity sent:  0.004452835185929292
steer:  -0.387060955469549
throttle:  0.0215866350718547
brake:  0.0
velocity sent:  0.0044996813479623995
steer:  -0.387060738564452
throttle:  0.0215767973778277
brake:  0.0
velocity sent:  0.0044996813479623995
steer:  -0.387060738564452
throttle:  0.0215767973778277
brake:  0.0
velocity sent:  0.004811242823977469
steer:  -0.38706053339568
throttle:  0.0215113694678645
brake:  0.0
velocity sent:  0.004935775936574224
steer:  -0.387060318551238
throttle:  0.0214852175142192
brake:  0.0
velocity sent:  0.0052374004617627935
steer:  -0.387060102307652
throttle:  0.0214218763639296
brake:  0.0
velocity sent:  0.0052374004617627935
steer:  -0.387060102307652
throttle:  0.0214218763639296
brake:  0.0
velocity sent:  0.005374902890861988
steer:  -0.387059891570239
throttle:  0.0213930008538188
brake:  0.0
velocity sent:  0.005603692699029786
steer:  -0.387059668928067
throttle:  0.0213449549941036
brake:  0.0
velocity sent:  0.005667706963115857
steer:  -0.387059434472604
throttle:  0.0213315119986455
brake:  0.0
velocity sent:  0.005667706963115857
steer:  -0.387059434472604
throttle:  0.0213315119986455
brake:  0.0
velocity sent:  0.005764524407047852
steer:  -0.387059207738438
throttle:  0.0213111803354198
brake:  0.0
velocity sent:  0.0060563975076860874
steer:  -0.387058985511843
throttle:  0.0212498869842857
brake:  0.0
velocity sent:  0.006043807228317469
steer:  -0.387058740966379
throttle:  0.0212525309429531
brake:  0.0
velocity sent:  0.0
steer:  -0.387058740966379
throttle:  0.0225217304608998
brake:  0.0
velocity sent:  0.0
steer:  -0.387058740966379
throttle:  0.0225217304608998
brake:  0.0
velocity sent:  0.002526644299145022
steer:  -0.387058693340679
throttle:  0.0219911351580794
brake:  0.0
velocity sent:  0.0022672125198691545
steer:  -0.387058697109632
throttle:  0.0220456158317273
brake:  0.0
velocity sent:  0.0019565490027457465
steer:  -0.38705866880658
throttle:  0.0221108551703232
brake:  0.0
velocity sent:  0.0019565490027457465
steer:  -0.38705866880658
throttle:  0.0221108551703232
brake:  0.0
velocity sent:  0.002214766939032982
steer:  -0.387058607032101
throttle:  0.0220566294037029
brake:  0.0
velocity sent:  0.0026693363049075888
steer:  -0.387058523522414
throttle:  0.0219611698368692
brake:  0.0
velocity sent:  0.003081774058659823
steer:  -0.387058412279188
throttle:  0.0218745579085813
brake:  0.0
velocity sent:  0.003081774058659823
steer:  -0.387058412279188
throttle:  0.0218745579085813
brake:  0.0
velocity sent:  0.0034991340640367075
steer:  -0.387058291037018
throttle:  0.0217869123074521
brake:  0.0
velocity sent:  0.0037991963535138214
steer:  -0.387058151997563
throttle:  0.0217238992266619
brake: Error: No spirals generated 
Error: No spirals generated 
Error: No spirals generated 
Error: No spirals generated 
Error: No spirals generated 
Error: No spirals generated 
Error: No spirals generated 
Error: No spirals generated 
Error: No spirals generated 
Error: No spirals generated 
Error: No spirals generated 
Error: No spirals generated 
Error: No spirals generated 
Error: No spirals generated 
Error: No spirals generated 
Error: No spirals generated 
Error: No spirals generated 
Error: No spirals generated 
Error: No spirals generated 
Error: No spirals generated 
Error: No spirals generated 
Error: No spirals generated 
Error: No spirals generated 
Error: No spirals generated 
Error: No spirals generated 
Error: No spirals generated 
Error: No spirals generated 
Error: No spirals generated 
Error: No spirals generated 
Error: No spirals generated 
Error: No spirals generated 
Error: No spirals generated 
Error: No spirals generated 
Error: No spirals generated 
Error: No spirals generated 
Error: No spirals generated 
Error: No spirals generated 
Error: No spirals generated 
Error: No spirals generated 
Error: No spirals generated 
Error: No spirals generated 
Error: No spirals generated 
Error: No spirals generated 
Error: No spirals generated 
Error: No spirals generated 
Error: No spirals generated 
Error: No spirals generated 
Error: No spirals generated 
Error: No spirals generated 
Error: No spirals generated 
Error: No spirals generated 
Error: No spirals generated 
Error: No spirals generated 
Error: No spirals generated 
Error: No spirals generated 
Error: No spirals generated 
Error: No spirals generated 
Error: No spirals generated 
Error: No spirals generated 
Error: No spirals generated 
Error: No spirals generated 
Error: No spirals generated 
Error: No spirals generated 
Error: No spirals generated 
Error: No spirals generated 
Error: No spirals generated 
Error: No spirals generated 
Error: No spirals generated 
Error: No spirals generated 
Error: No spirals generated 
Error: No spirals generated 
Error: No spirals generated 
Error: No spirals generated 
Error: No spirals generated 
Error: No spirals generated 
 0.0
velocity sent:  0.004150210992817628
steer:  -0.387057987024658
throttle:  0.0216501861524081
brake:  0.0
velocity sent:  0.004150210992817628
steer:  -0.387057987024658
throttle:  0.0216501861524081
brake:  0.0
velocity sent:  0.004287547391998725
steer:  -0.387057808361256
throttle:  0.0216213455085801
brake:  0.0
velocity sent:  0.0044975272799366766
steer:  -0.38705760548723
throttle:  0.0215772497321131
brake:  0.0
velocity sent:  0.0049993364943425826
steer:  -0.387057414672852
throttle:  0.0214718697970879
brake:  0.0
velocity sent:  0.0049993364943425826
steer:  -0.387057414672852
throttle:  0.0214718697970879
brake:  0.0
velocity sent:  0.005201646287192874
steer:  -0.390028853673337
throttle:  0.0214101396623268
brake:  0.0
velocity sent:  0.005143922173435125
steer:  -0.390028738240086
throttle:  0.021438446509644
brake:  0.0
velocity sent:  0.00541652399625002
steer:  -0.390028527829028
throttle:  0.0213812001268529
brake:  0.0
velocity sent:  0.00541652399625002
steer:  -0.390028527829028
throttle:  0.0213812001268529
brake:  0.0
velocity sent:  0.005461162712227891
steer:  -0.390028303882028
throttle:  0.0213718259964975
brake:  0.0
velocity sent:  0.005723134892686347
steer:  -0.390028074428893
throttle:  0.0213168118386012
brake:  0.0
velocity sent:  0.005970263172385399
steer:  -0.390027868863573
throttle:  0.0212649148998644
brake:  0.0
velocity sent:  0.005969032184444472
steer:  -0.390027629074145
throttle:  0.021265173407332
brake:  0.0
velocity sent:  0.0
steer:  -0.390027629074145
throttle:  0.0225186701660654
brake:  0.0
velocity sent:  0.0
steer:  -0.390027629074145
throttle:  0.0225186701660654
brake:  0.0
velocity sent:  0.0024619816969467766
steer:  -0.390027583173108
throttle:  0.0220016540097065
brake:  0.0
velocity sent:  0.00205295948168366
steer:  -0.390027595893806
throttle:  0.0220875486749118
brake:  0.0
velocity sent:  0.00205295948168366
steer:  -0.390027595893806
throttle:  0.0220875486749118
brake:  0.0
velocity sent:  0.0018998739058723826
steer:  -0.390027566114378
throttle:  0.0221196966458322
brake:  0.0
velocity sent:  0.0022785434479187278
steer:  -0.390027506063307
throttle:  0.0220401760420024
brake:  0.0
velocity sent:  0.0022785434479187278
steer:  -0.390027506063307
throttle:  0.0220401760420024
brake:  0.0
velocity sent:  0.0029546714121823415
steer:  -0.390027419432271
throttle:  0.0218981891695071
brake:  0.0
velocity sent:  0.0029546714121823415
steer:  -0.390027419432271
throttle:  0.0218981891695071
brake:  0.0
velocity sent:  0.003693396583206566
steer:  -0.390027315988665
throttle:  0.021743056883592
brake:  0.0
velocity sent:  0.0036084902123542043
steer:  -0.390027180381651
throttle:  0.021760887221471
brake:  0.0
velocity sent:  0.0036084902123542043
steer:  -0.390027180381651
throttle:  0.021760887221471
brake:  0.0
velocity sent:  0.0034571716960144867
steer:  -0.390027049957999
throttle:  0.0217926641099023
brake:  0.0
velocity sent:  0.003720095699031908
steer:  -0.390026887940261
throttle:  0.0217374500692687
brake:  0.0
velocity sent:  0.004061669047992375
steer:  -0.390026735366875
throttle:  0.021665719665987
brake:  0.0
velocity sent:  0.004061669047992375
steer:  -0.390026735366875
throttle:  0.021665719665987
brake:  0.0
velocity sent:  0.0041731006853572014
steer:  -0.390026546277222
throttle:  0.0216423190221403
brake:  0.0
velocity sent:  0.004668074462037894
steer:  -0.390026375815053
throttle:  0.0215383745290374
brake:  0.0
velocity sent:  0.0051190686738898745
steer:  -0.390026205353007
throttle:  0.0214436657445485
brake:  0.0
velocity sent:  0.005306278779139553
steer:  -0.390026034983238
throttle:  0.021404351622446
brake:  0.0
velocity sent:  0.005637870348563694
steer:  -0.390025850000997
throttle:  0.021334717392867
brake:  0.0
velocity sent:  0.005743379590486574
steer:  -0.390025653620913
throttle:  0.0213125604520632
brake:  0.0
velocity sent:  0.005743379590486574
steer:  -0.390025653620913
throttle:  0.0213125604520632
brake:  0.0
velocity sent:  0.006007987224363706
steer:  -0.390025462578467
throttle:  0.021256992848949
brake:  0.0
velocity sent:  0.005956073391642529
steer:  -0.390025225006304
throttle:  0.0212678947538204
brake:  0.0
velocity sent:  0.0
steer:  -0.390025225006304
throttle:  0.0225186701660654
brake:  0.0
velocity sent:  0.0025693194793899752
steer:  -0.390025183706004
throttle:  0.0219791130753935
brake:  0.0
velocity sent:  0.0025693194793899752
steer:  -0.390025183706004
throttle:  0.0219791130753935
brake:  0.0
velocity sent:  0.0018236642695962492
steer:  -0.390025174015501
throttle:  0.0221357006694501
brake:  0.0
velocity sent:  0.0024997397072325767
steer:  -0.390025154819014
throttle:  0.0219937248275465
brake:  0.0
velocity sent:  0.0024997397072325767
steer:  -0.390025154819014
throttle:  0.0219937248275465
brake:  0.0
velocity sent:  0.002306323746839035
steer:  -0.390025112334461
throttle:  0.0220343421792292
brake:  0.0
velocity sent:  0.002528849577255907
steer:  -0.390025027919173
throttle:  0.0219876117548416
brake:  0.0
velocity sent:  0.0029304912044000255
steer:  -0.390024925214957
throttle:  0.0219032670131413
brake:  0.0
velocity sent:  0.0033137247039012
steer:  -0.390024815712049
throttle:  0.0218227879782461
brake:  0.0
velocity sent:  0.0033137247039012
steer:  -0.390024815712049
throttle:  0.0218227879782461
brake:  0.0
velocity sent:  0.004002196752454166
steer:  -0.390024689135419
throttle:  0.02167820884805
brake:  0.0
velocity sent:  0.004189400429493584
steer:  -0.390024540086111
throttle:  0.0216388960758717
brake:  0.0
velocity sent:  0.0045566066499975
steer:  -0.390024380454254
throttle:  0.0215617827695659
brake:  0.0
velocity sent:  0.004836177918044461
steer:  -0.390024207778784
throttle:  0.021503072803276
brake:  0.0
velocity sent:  0.0050266356512491325
steer:  -0.390024018860326
throttle:  0.021463076679303
brake:  0.0
velocity sent:  0.0050266356512491325
steer:  -0.390024018860326
throttle:  0.021463076679303
brake:  0.0
velocity sent:  0.005221019148941845
steer:  -0.390023820097707
throttle:  0.0214222561447876
brake:  0.0
velocity sent:  0.005555939318007991
steer:  -0.390023630610503
throttle:  0.0213519229092837
brake:  0.0
velocity sent:  0.005728061874093002
steer:  -0.3900234393239
throttle:  0.0213157771725058
brake:  0.0
velocity sent:  0.005993279858556851
steer:  -0.390023235885749
throttle:  0.0212600813957684
brake:  0.0
velocity sent:  0.006134020128092788
steer:  -0.390023037216317
throttle:  0.0212305259391659
brake:  0.0
velocity sent:  0.006117468931130906
steer:  -0.390022806706779
throttle:  0.0212340016905279
brake:  0.0
velocity sent:  0.006117468931130906
steer:  -0.390022806706779
throttle:  0.0212340016905279
brake:  0.0
velocity sent:  0.0063005510567318065
steer:  -0.390022591302521
throttle:  0.0211955544441517
brake:  0.0
velocity sent:  0.006346541721037843
steer:  -0.390022360962765
throttle:  0.0211858964046474
brake:  0.0
velocity sent:  0.0
steer:  -0.390022360962765
throttle:  0.0225186701660654
brake:  0.0
velocity sent:  0.002099350181622577
steer:  -0.390022295868951
throttle:  0.0220778066279246
brake:  0.0
velocity sent:  0.002099350181622577
steer:  -0.392993974257166
throttle:  0.0220765470178156
brake:  0.0
velocity sent:  0.002001960458063286
steer:  -0.392993976472121
throttle:  0.0220969988597631
brake:  0.0
velocity sent:  0.002761274761498079
steer:  -0.392993946108451
throttle:  0.0219375428560418
brake:  0.0
velocity sent:  0.0022782790676652087
steer:  -0.392993900917546
throttle:  0.0220389719517467
brake:  0.0
velocity sent:  0.0022782790676652087
steer:  -0.392993900917546
throttle:  0.0220389719517467
brake:  0.0
velocity sent:  0.0025592033761862735
steer:  -0.392993814288215
throttle:  0.0219799778469573
brake:  0.0
velocity sent:  0.0029822562853381307
steer:  -0.392993707401488
throttle:  0.0218911367360354
brake:  0.0
velocity sent: Error: No spirals generated 
Error: No spirals generated 
Error: No spirals generated 
Error: No spirals generated 
Error: No spirals generated 
Error: No spirals generated 
Error: No spirals generated 
Error: No spirals generated 
Error: No spirals generated 
Error: No spirals generated 
Error: No spirals generated 
Error: No spirals generated 
Error: No spirals generated 
Error: No spirals generated 
Error: No spirals generated 
Error: No spirals generated 
Error: No spirals generated 
Error: No spirals generated 
Error: No spirals generated 
Error: No spirals generated 
Error: No spirals generated 
Error: No spirals generated 
Error: No spirals generated 
Error: No spirals generated 
Error: No spirals generated 
Error: No spirals generated 
Error: No spirals generated 
Error: No spirals generated 
Error: No spirals generated 
Error: No spirals generated 
Error: No spirals generated 
Error: No spirals generated 
Error: No spirals generated 
Error: No spirals generated 
Error: No spirals generated 
Error: No spirals generated 
Error: No spirals generated 
Error: No spirals generated 
Error: No spirals generated 
Error: No spirals generated 
Error: No spirals generated 
Error: No spirals generated 
Error: No spirals generated 
Error: No spirals generated 
Error: No spirals generated 
Error: No spirals generated 
Error: No spirals generated 
Error: No spirals generated 
Error: No spirals generated 
Error: No spirals generated 
Error: No spirals generated 
Error: No spirals generated 
Error: No spirals generated 
Error: No spirals generated 
Error: No spirals generated 
Error: No spirals generated 
Error: No spirals generated 
Error: No spirals generated 
Error: No spirals generated 
Error: No spirals generated 
Error: No spirals generated 
Error: No spirals generated 
Error: No spirals generated 
Error: No spirals generated 
Error: No spirals generated 
Error: No spirals generated 
Error: No spirals generated 
Error: No spirals generated 
Error: No spirals generated 
Error: No spirals generated 
Error: No spirals generated 
Error: No spirals generated 
Error: No spirals generated 
Error: No spirals generated 
Error: No spirals generated 
 0.0029822562853381307
steer:  -0.392993707401488
throttle:  0.0218911367360354
brake:  0.0
velocity sent:  0.003262962760280263
steer:  -0.392993574504307
throttle:  0.0218321883762975
brake:  0.0
velocity sent:  0.0037808860773777537
steer:  -0.392993447360287
throttle:  0.021723424479707
brake:  0.0
velocity sent:  0.004213373468566586
steer:  -0.392993307418852
throttle:  0.0216326021275574
brake:  0.0
velocity sent:  0.0043837528253132365
steer:  -0.392993137529333
throttle:  0.0215968224626406
brake:  0.0
velocity sent:  0.0043837528253132365
steer:  -0.392993137529333
throttle:  0.0215968224626406
brake:  0.0
velocity sent:  0.004676126073124881
steer:  -0.392992971178127
throttle:  0.0215354240806002
brake:  0.0
velocity sent:  0.0049246876353402965
steer:  -0.392992780615996
throttle:  0.0214832261525349
brake:  0.0
velocity sent:  0.0051751661316108795
steer:  -0.392992589239013
throttle:  0.0214306256683181
brake:  0.0
velocity sent:  0.005381252616601304
steer:  -0.392992390725139
throttle:  0.0213873475064701
brake:  0.0
velocity sent:  0.005404941784248479
steer:  -0.39299217252305
throttle:  0.0213823727812642
brake:  0.0
velocity sent:  0.005404941784248479
steer:  -0.39299217252305
throttle:  0.0213823727812642
brake:  0.0
velocity sent:  0.0055328372831319845
steer:  -0.392991942338649
throttle:  0.0213555147264987
brake:  0.0
velocity sent:  0.005543076957542842
steer:  -0.392991711016794
throttle:  0.0213533643948724
brake:  0.0
velocity sent:  0.0058851957115212475
steer:  -0.392991503982884
throttle:  0.0212815194565369
brake:  0.0
velocity sent:  0.0058851957115212475
steer:  -0.392991503982884
throttle:  0.0212815194565369
brake:  0.0
velocity sent:  0.005823528602997263
steer:  -0.392991259032832
throttle:  0.021294469549327
brake:  0.0
velocity sent:  0.0
steer:  -0.392991259032832
throttle:  0.0225174105559564
brake:  0.0
velocity sent:  0.0032592323291972657
steer:  -0.39299122987217
throttle:  0.021832971766825
brake:  0.0
velocity sent:  0.0032592323291972657
steer:  -0.39299122987217
throttle:  0.021832971766825
brake:  0.0
velocity sent:  0.0016111370717587987
steer:  -0.392991228472124
throttle:  0.022179071770887
brake:  0.0
velocity sent:  0.0018681538572116467
steer:  -0.392991202139022
throttle:  0.0221250982459419
brake:  0.0
velocity sent:  0.0022948534986313735
steer:  -0.392991154564429
throttle:  0.0220354913212438
brake:  0.0
velocity sent:  0.0025042486920387377
steer:  -0.392991079180137
throttle:  0.0219915183306282
brake:  0.0
velocity sent:  0.0025042486920387377
steer:  -0.392991079180137
throttle:  0.0219915183306282
brake:  0.0
velocity sent:  0.002971468138922271
steer:  -0.392990980662135
throttle:  0.0218934022467827
brake:  0.0
velocity sent:  0.0033111456031100343
steer:  -0.392990848258448
throttle:  0.0218220699793033
brake:  0.0
velocity sent:  0.0036618013074307338
steer:  -0.392990719562829
throttle:  0.0217484322813959
brake:  0.0
velocity sent:  0.0036618013074307338
steer:  -0.392990719562829
throttle:  0.0217484322813959
brake:  0.0
velocity sent:  0.003944922315801864
steer:  -0.392990558534753
throttle:  0.021688976869638
brake:  0.0
velocity sent:  0.004280652831202258
steer:  -0.39299040227578
throttle:  0.0216184734614039
brake:  0.0
velocity sent:  0.004683790152168973
steer:  -0.392990229188862
throttle:  0.0215338146240009
brake:  0.0
velocity sent:  0.004683790152168973
steer:  -0.392990229188862
throttle:  0.0215338146240009
brake:  0.0
velocity sent:  0.004553929775233469
steer:  -0.392990026908917
throttle:  0.0215610853031573
brake:  0.0
velocity sent:  0.004981923545933328
steer:  -0.392989828965884
throttle:  0.0214712066113104
brake:  0.0
velocity sent:  0.005168577883837915
steer:  -0.392989627747175
throttle:  0.0214320092003504
brake:  0.0
velocity sent:  0.005564247847491786
steer:  -0.392989442694912
throttle:  0.0213489185079831
brake:  0.0
velocity sent:  0.005564247847491786
steer:  -0.392989442694912
throttle:  0.0213489185079831
brake:  0.0
velocity sent:  0.005774925176070347
steer:  -0.392989258796868
throttle:  0.0213046762689816
brake:  0.0
velocity sent:  0.005715763877221239
steer:  -0.392989030337791
throttle:  0.0213171001417399
brake:  0.0
velocity sent:  0.005855341629396221
steer:  -0.392988811324002
throttle:  0.0212877888137832
brake:  0.0
velocity sent:  0.006094777983918757
steer:  -0.392988591648535
throttle:  0.0212375071793334
brake:  0.0
velocity sent:  0.00621758700061691
steer:  -0.392988374111769
throttle:  0.0212117172858268
brake:  0.0
velocity sent:  0.00621758700061691
steer:  -0.392988374111769
throttle:  0.0212117172858268
brake:  0.0
velocity sent:  0.0019950795892706864
steer:  -0.392988309769107
throttle:  0.0220984438422095
brake:  0.0
velocity sent:  0.002984201174870956
steer:  -0.39298820879118
throttle:  0.0218907283092335
brake:  0.0
velocity sent:  0.003657872370826891
steer:  -0.392988087632997
throttle:  0.0217492573580827
brake:  0.0
velocity sent:  0.004074796944036531
steer:  -0.392987949417524
throttle:  0.0216617031977087
brake:  0.0
velocity sent:  0.004653306753782747
steer:  -0.392987806034018
throttle:  0.021540216137662
brake:  0.0
velocity sent:  0.004653306753782747
steer:  -0.392987806034018
throttle:  0.021540216137662
brake:  0.0
velocity sent:  0.004663071801755904
steer:  -0.392987614491208
throttle:  0.0215381654775876
brake:  0.0
velocity sent:  0.004820113510475408
steer:  -0.392987423703903
throttle:  0.0215051867187565
brake:  0.0
velocity sent:  0.0053210533709055945
steer:  -0.392987241606637
throttle:  0.0213999893480662
brake:  0.0
velocity sent:  0.0055733451184356185
steer:  -0.392987058694911
throttle:  0.0213470080810849
brake:  0.0
velocity sent:  0.0055733451184356185
steer:  -0.392987058694911
throttle:  0.0213470080810849
brake:  0.0
velocity sent:  0.0055190037393449964
steer:  -0.392986829499377
throttle:  0.0213584197706939
brake:  0.0
velocity sent:  0.005603790923764283
steer:  -0.39595808510774
throttle:  0.0213304946488134
brake:  0.0
velocity sent:  0.005649980358979993
steer:  -0.395957981874281
throttle:  0.0213275778421716
brake:  0.0
velocity sent:  0.006038286613067641
steer:  -0.395957776814379
throttle:  0.0212460335288132
brake:  0.0
velocity sent:  0.006038286613067641
steer:  -0.395957776814379
throttle:  0.0212460335288132
brake:  0.0
velocity sent:  0.005854938791105205
steer:  -0.395957527855427
throttle:  0.0212845365714254
brake:  0.0
velocity sent:  0.006029200144596738
steer:  -0.395957294570815
throttle:  0.0212479416871921
brake:  0.0
velocity sent:  0.0060587765419629095
steer:  -0.395957041750967
throttle:  0.0212417306437452
brake:  0.0
velocity sent:  0.0060587765419629095
steer:  -0.395957041750967
throttle:  0.0212417306437452
brake:  0.0
velocity sent:  0.006129980989313267
steer:  -0.395956802314352
throttle:  0.0212267777098017
brake:  0.0
velocity sent:  0.00615259231377597
steer:  -0.395956544819073
throttle:  0.0212220293316645
brake:  0.0
velocity sent:  0.0062690872487715195
steer:  -0.395956306367332
throttle:  0.0211975653953154
brake:  0.0
velocity sent:  0.0062676208134353735
steer:  -0.395956047642012
throttle:  0.021197873346736
brake:  0.0
velocity sent:  0.0062676208134353735
steer:  -0.395956047642012
throttle:  0.021197873346736
brake:  0.0
velocity sent:  0.0
steer:  -0.395956047642012
throttle:  0.0225140737175574
brake:  0.0
velocity sent:  0.002699812380412452
steer:  -0.395955985906692
throttle:  0.0219471131176708
brake:  0.0
velocity sent:  0.0016990492476351457
steer:  -0.395955986891083
throttle:  0.0221572733755541
brake:  0.0
velocity sent:  0.0018004299291915309
steer:  -0.395955967297047
throttle:  0.0221359834324272
brake:  0.0
velocity sent:  0.0018004299291915309
steer:  -0.395955967297047
throttle:  0.0221359834324272
brake:  0.0
velocity sent:  0.00225290385079215
steer:  -0.395955904788191
throttle:  0.0220409639088911Error: No spirals generated 
Error: No spirals generated 
Error: No spirals generated 
Error: No spirals generated 
Error: No spirals generated 
Error: No spirals generated 
Error: No spirals generated 
Error: No spirals generated 
Error: No spirals generated 
Error: No spirals generated 
Error: No spirals generated 
Error: No spirals generated 
Error: No spirals generated 
Error: No spirals generated 
Error: No spirals generated 
Error: No spirals generated 
Error: No spirals generated 
Error: No spirals generated 
Error: No spirals generated 
Error: No spirals generated 
Error: No spirals generated 
Error: No spirals generated 
Error: No spirals generated 
Error: No spirals generated 
Error: No spirals generated 
Error: No spirals generated 
Error: No spirals generated 
Error: No spirals generated 
Error: No spirals generated 
Error: No spirals generated 
Error: No spirals generated 
Error: No spirals generated 
Error: No spirals generated 
Error: No spirals generated 
Error: No spirals generated 
Error: No spirals generated 
Error: No spirals generated 
Error: No spirals generated 
Error: No spirals generated 
Error: No spirals generated 
Error: No spirals generated 
Error: No spirals generated 
Error: No spirals generated 
Error: No spirals generated 
Error: No spirals generated 
Error: No spirals generated 
Error: No spirals generated 
Error: No spirals generated 
Error: No spirals generated 
Error: No spirals generated 
Error: No spirals generated 
Error: No spirals generated 
Error: No spirals generated 
Error: No spirals generated 
Error: No spirals generated 
Error: No spirals generated 
Error: No spirals generated 
Error: No spirals generated 
Error: No spirals generated 
Error: No spirals generated 
Error: No spirals generated 
Error: No spirals generated 
Error: No spirals generated 
Error: No spirals generated 
Error: No spirals generated 
Error: No spirals generated 
Error: No spirals generated 
Error: No spirals generated 
Error: No spirals generated 
Error: No spirals generated 
Error: No spirals generated 
Error: No spirals generated 
Error: No spirals generated 
Error: No spirals generated 
Error: No spirals generated 

brake:  0.0
velocity sent:  0.00225290385079215
steer:  -0.395955904788191
throttle:  0.0220409639088911
brake:  0.0
velocity sent:  0.0029662871366787336
steer:  -0.395955820792698
throttle:  0.0218911534188549
brake:  0.0
velocity sent:  0.0029662871366787336
steer:  -0.395955820792698
throttle:  0.0218911534188549
brake:  0.0
velocity sent:  0.0032860306749055357
steer:  -0.395955703157986
throttle:  0.0218240072758273
brake:  0.0
velocity sent:  0.0032860306749055357
steer:  -0.395955703157986
throttle:  0.0218240072758273
brake:  0.0
velocity sent:  0.004521767874182426
steer:  -0.395955569029529
throttle:  0.0215645024639791
brake:  0.0
velocity sent:  0.006318542438918068
steer:  -0.395955341483386
throttle:  0.0211871798053847
brake:  0.0
velocity sent:  0.005167594884405913
steer:  -0.395955172924631
throttle:  0.0214288787918322
brake:  0.0
velocity sent:  0.005167594884405913
steer:  -0.395955172924631
throttle:  0.0214288787918322
brake:  0.0
velocity sent:  0.004807620271708495
steer:  -0.395955007547453
throttle:  0.0215044734604987
brake:  0.0
velocity sent:  0.005054636371766417
steer:  -0.395954847924514
throttle:  0.0214526000794865
brake:  0.0
velocity sent:  0.005054636371766417
steer:  -0.395954847924514
throttle:  0.0214526000794865
brake:  0.0
velocity sent:  0.005480952544190882
steer:  -0.395954667137372
throttle:  0.0213630736832774
brake:  0.0
velocity sent:  0.006394628655973791
steer:  -0.395954437963346
throttle:  0.0211712016998029
brake:  0.0
velocity sent:  0.006394628655973791
steer:  -0.395954437963346
throttle:  0.0211712016998029
brake:  0.0
velocity sent:  0.005875921307413199
steer:  -0.395954229367651
throttle:  0.0212801302430007
brake:  0.0
velocity sent:  0.006104069831209154
steer:  -0.395954021358356
throttle:  0.0212322190530035
brake:  0.0
velocity sent:  0.00608442761910012
steer:  -0.395953804887963
throttle:  0.0212363439175464
brake:  0.0
velocity sent:  0.00608442761910012
steer:  -0.395953804887963
throttle:  0.0212363439175464
brake:  0.0
velocity sent:  0.006156603466273501
steer:  -0.395953601308818
throttle:  0.02122118698964
brake:  0.0
velocity sent:  0.006156603466273501
steer:  -0.395953601308818
throttle:  0.02122118698964
brake:  0.0
velocity sent:  0.0
steer:  -0.395953601308818
throttle:  0.0225140737175574
brake:  0.0
velocity sent:  0.006229999779293687
steer:  -0.395953281044368
throttle:  0.0212057737639058
brake:  0.0
velocity sent:  0.004119463927612143
steer:  -0.395953167442416
throttle:  0.0216489862927589
brake:  0.0
velocity sent:  0.004773882332551527
steer:  -0.395953023570811
throttle:  0.0215115584277216
brake:  0.0
velocity sent:  0.004773882332551527
steer:  -0.395953023570811
throttle:  0.0215115584277216
brake:  0.0
velocity sent:  0.004730000547204963
steer:  -0.395952880021354
throttle:  0.0215207736026444
brake:  0.0
velocity sent:  0.005520143231565747
steer:  -0.395952691436587
throttle:  0.0213548436389286
brake:  0.0
velocity sent:  0.005646275036429277
steer:  -0.39595250885244
throttle:  0.0213283559599073
brake:  0.0
velocity sent:  0.005646275036429277
steer:  -0.39595250885244
throttle:  0.0213283559599073
brake:  0.0
velocity sent:  0.00569538519929249
steer:  -0.395952323883432
throttle:  0.021318042825706
brake:  0.0
velocity sent:  0.006575308872161522
steer:  -0.395952073945622
throttle:  0.0211332588544035
brake:  0.0
velocity sent:  0.006020669885927715
steer:  -0.395951867812828
throttle:  0.0212497330415126
brake:  0.0
velocity sent:  0.006011861124054653
steer:  -0.39595167209204
throttle:  0.021251582881506
brake:  0.0
velocity sent:  0.006011861124054653
steer:  -0.39595167209204
throttle:  0.021251582881506
brake:  0.0
velocity sent:  0.006375365964851238
steer:  -0.395951471789946
throttle:  0.0211752468649387
brake:  0.0
velocity sent:  0.006765912984795251
steer:  -0.395951226604595
throttle:  0.0210932319907504
brake:  0.0
velocity sent:  0.00673950677168149
steer:  -0.395950999724775
throttle:  0.0210987772955043
brake:  0.0
velocity sent:  0.006833090262529364
steer:  -0.395950755770302
throttle:  0.0210791247624263
brake:  0.0
velocity sent:  0.006833090262529364
steer:  -0.395950755770302
throttle:  0.0210791247624263
brake:  0.0
velocity sent:  0.0068804250957593
steer:  -0.395950524707338
throttle:  0.021069184447448
brake:  0.0
velocity sent:  0.0068804250957593
steer:  -0.395950524707338
throttle:  0.021069184447448
brake:  0.0
velocity sent:  0.007383611572759922
steer:  -0.395950239579952
throttle:  0.0209635152872779
brake:  0.0
velocity sent:  0.007574757747332463
steer:  -0.398921324122693
throttle:  0.0209035953858558
brake:  0.0
velocity sent:  0.007447637942460408
steer:  -0.398921193211724
throttle:  0.0209455822388447
brake:  0.0
velocity sent:  0.007447637942460408
steer:  -0.398921193211724
throttle:  0.0209455822388447
brake:  0.0
velocity sent:  0.0
steer:  -0.398921193211724
throttle:  0.0225095862067614
brake:  0.0
velocity sent:  0.0046060130949153325
steer:  -0.398920888833495
throttle:  0.0215423234568292
brake:  0.0
velocity sent:  0.0046060130949153325
steer:  -0.398920888833495
throttle:  0.0215423234568292
brake:  0.0
velocity sent:  0.005041047366638827
steer:  -0.39892072904387
throttle:  0.0214509662597673
brake:  0.0
velocity sent:  0.005090164204633282
steer:  -0.398920565241142
throttle:  0.0214406517237884
brake:  0.0
velocity sent:  0.005090164204633282
steer:  -0.398920565241142
throttle:  0.0214406517237884
brake:  0.0
velocity sent:  0.00515988493792504
steer:  -0.398920396270598
throttle:  0.0214260103697972
brake:  0.0
velocity sent:  0.005414221968833176
steer:  -0.398920213765127
throttle:  0.0213725995933064
brake:  0.0
velocity sent:  0.005296118294913292
steer:  -0.398920046517474
throttle:  0.0213974013648296
brake:  0.0
velocity sent:  0.005701482530004332
steer:  -0.398919866397507
throttle:  0.0213122748754605
brake:  0.0
velocity sent:  0.005755701484380723
steer:  -0.398919677891497
throttle:  0.0213008888950415
brake:  0.0
velocity sent:  0.005755701484380723
steer:  -0.398919677891497
throttle:  0.0213008888950415
brake:  0.0
velocity sent:  0.006385058171403095
steer:  -0.398919458472883
throttle:  0.0211687239907668
brake:  0.0
velocity sent:  0.006591007607271969
steer:  -0.398919228642999
throttle:  0.0211254746092343
brake:  0.0
velocity sent:  0.006529000287352398
steer:  -0.398919001595969
throttle:  0.0211384961464174
brake:  0.0
velocity sent:  0.006500881826491006
steer:  -0.398918793668593
throttle:  0.0211444010231983
brake:  0.0
velocity sent:  0.006500881826491006
steer:  -0.398918793668593
throttle:  0.0211444010231983
brake:  0.0
velocity sent:  0.006644453237696082
steer:  -0.398918585987504
throttle:  0.0211142510268452
brake:  0.0
velocity sent:  0.0069213220367752605
steer:  -0.398918359849848
throttle:  0.0210561085790386
brake:  0.0
velocity sent:  0.00686912027089147
steer:  -0.398918151676987
throttle:  0.0210670709498742
brake:  0.0
velocity sent:  0.0073133032656825785
steer:  -0.398917909714465
throttle:  0.0209737925209681
brake:  0.0
velocity sent:  0.007099763552327524
steer:  -0.398917685621757
throttle:  0.0210186358607726
brake:  0.0
velocity sent:  0.007099763552327524
steer:  -0.398917685621757
throttle:  0.0210186358607726
brake:  0.0
velocity sent:  0.007844379041135162
steer:  -0.398917395918419
throttle:  0.020862266608123
brake:  0.0
velocity sent:  0.007844379041135162
steer:  -0.398917395918419
throttle:  0.020862266608123
brake:  0.0
velocity sent:  0.007893323885006735
steer:  -0.398917088989223
throttle:  0.02085198819091
brake:  0.0
velocity sent:  0.0
steer:  -0.398917088989223
throttle:  0.0225095862067614
brake:  0.0
velocity sent:  0.0
steer:  -0.398917088989223
throttle:  0.0225095862067614
brake:  0.0
velocity sent:  0.00453588755845757
steer:  -0.398916755650399
throttle:  0.0215570498194853
brake:  0.0
velocity sent:  0.005184451714824352Error: No spirals generated 
Error: No spirals generated 
Error: No spirals generated 
Error: No spirals generated 
Error: No spirals generated 
Error: No spirals generated 
Error: No spirals generated 
Error: No spirals generated 
Error: No spirals generated 
Error: No spirals generated 
Error: No spirals generated 
Error: No spirals generated 
Error: No spirals generated 
Error: No spirals generated 
Error: No spirals generated 
Error: No spirals generated 
Error: No spirals generated 
Error: No spirals generated 
Error: No spirals generated 
Error: No spirals generated 
Error: No spirals generated 
Error: No spirals generated 
Error: No spirals generated 
Error: No spirals generated 
Error: No spirals generated 
Error: No spirals generated 
Error: No spirals generated 
Error: No spirals generated 
Error: No spirals generated 
Error: No spirals generated 
